// Jest Snapshot v1, https://goo.gl/fbAQLP

exports[`search passes through the error responses, rejecting the promise 1`] = `
Object {
  "body": Object {
    "error": "'startswith' is not an allowed filter on the 'email' field.",
  },
  "headers": Object {
    "Access-Control-Allow-Credentials": true,
    "Access-Control-Allow-Origin": "*",
    "connection": "keep-alive",
    "content-type": "application/json",
    "date": "Tue, 05 Dec 2017 18:56:17 GMT",
    "server": "nginx",
    "transfer-encoding": "chunked",
    "vary": "Cookie,Accept-Encoding,User-Agent",
    "x-handled-for": "80.4.94.40",
    "x-machine-id": "ip-10-50-1-122",
    "x-pad": "avoid browser bug",
  },
  "statusCode": 400,
}
`;
